1
1st
3rd
5
55s
aacs
aat
aberchirder
aboot
aboyne
abusing
abusive
ac
academy
accesibility
accessiblility
accidental
achool
acid
acitivities
act
acting
action
active
acute
adaptions
addicts
adfm
adopt
ads
advertising
age
airman
alerts
allergic
allergies
allotments
alopecia
ambulances
amenity
amputate
amputation
amputations
amputee
amusement
an
anaesthetic
anaphylaxic
anaphylaxis
aneurism
anon
antigen
antisocial
anxieties
apnea
area
arena
argyle
arms
arrest
art
arterial
arteries
arthritic
as
asbestos
asian
assessment
assistants
assisted
associations
assualt
assurance
asthmatic
asylum
at
atheism
atheist
attack
aubin
austism
automobile
availability
avma
awards
b
bacteria
bacterial
balancing
ballindalloch
balls
balmedie
banding
bands
bank
baptists
bark
barrk
basi
basic
battered
bay
beaters
beating
bed
behavioral
beneficiaries
berghead
bifida
biker
bills
binging
biopsy
bird
births
bjhs
black
bleeding
blinded
blindness
blistering
blisters
blockages
boarding
boards
boat
boddam
boiler
borrowing
box
boyfriends
boys
bph
bracelet
braemar
braille
breakfast
breasts
breath
british
brothels
brownies
bs
bullies
burghead
burial
businesses
busses
byzantine
byzantium
cabs
calls
calsayseat
camp
campaigns
cancers
canine
cardiovascular
carehome
carr
carrgomm
carriage
catheter
catholics
cats
cbt
cccs
celebrations
celtic
cerebral
cerers
cessation
challenges
change
changing
charge
chemo
chemotherapy
chi
chidlren
chil
childhood
childre
childs
chlamydia
chores
chp
chromosomes
cinamon
circulation
citixens
citizensfinancial
claiming
claims
claw
climate
clot
clothes
coaches
codonas
cognitive
colleges
collision
colon
coloured
comlementary
commission
committees
communication
communications
companies
complimentary
composting
compulsions
compulsive
concentration
concessionary
condition
confidence
confused
congregations
connect
conservancy
continuing
continuous
cook
cooker
cooking
cool
coop
coordination
coordinators
coping
cord
corgaff
cosmetic
councelling
countries
cowheels
cpd
cpns
crack
cracking
creating
creative
creches
cries
crippled
critical
crohn
cruden
crutches
crying
crysis
csv
cullen
cultural
culture
customer
cycle
cycled
cystic
dads
danlos
data
dawgs
dead
deafened
decisions
deer
defects
degenerative
delinquent
delivery
democratic
dens
departments
dependancy
dependant
desktops
developing
dialabus
dieticians
difficult
difficuly
digestive
dilution
disabibilities
discharged
discomfort
discussion
discussions
diseased
dispute
disputes
district
dividends
divorces
docs
dodgy
domiciliary
donating
donor
down
dperessive
drawing
drive
driver
drug
duchenne
dunecht
dupuytren
dyslexic
dystrophic
e
easter
ecdl
echt
economic
ecstacy
ectopic
ecumenical
ecxema
educaion
efficiency
ehlers
electing
elective
electronic
emails
employers
employmentemployment
entitled
epidermis
eployment
equal
ethnicity
europe
evergreens
excise
exema
exercises
exma
expectant
expecting
experienced
extra
fab
fair
familities
fatal
faulty
fear
fees
ferryhill
fibrosis
fighters
findochty
finger
firefighters
fireman
firemen
fives
fixing
floods
folic
foodbank
foreigners
forgetfulness
forum
forums
fosterers
fractures
frail
fraud
fybromyalgic
fyvie
gallery
gam
gap
gas
gastric
gdens
gdocs
general
genes
genetics
genital
genitals
gentle
george
gestosis
get
getting
girdle
girl
girlfriends
glenlivet
gmed
gmeds
going
golf
gomm
gordon
grampina
grandparents
greco
greece
greek
grmapina
groceries
groupsklinefelters
growths
guard
guide
guides
gut
gyms
gynaecology
gynaecomastia
gynecology
habits
haemorrage
haemorrages
hall
handcrafts
handicapped
harbour
harming
headache
headaches
healthboards
healthyliving
heat
heavy
helpabuse
helpbusiness
helpers
hepatis
hepititis
hidden
higher
hill
hilton
hinet
hobby
holiday
homeopaths
homestart
hormone
horse
hospices
hospitalised
hostels
hotels
hotspot
hours
hrt
humanism
huntingtons
hurting
hydro
hygiene
hypermobility
hyperplasia
hysterectomygynecological
ibs
ifnormation
illeostomy
ilnesses
impairmentstudying
imperfecta
imprisoned
impulsiveness
inattention
inattentive
incapacity
incontinent
independance
independentage
industry
infant
infection
influenza
infohub
informal
ing
initiatives
inland
inpatients
insch
insulating
insulation
insurance
inter
interaction
interest
interventions
into
inverbervie
investment
involvement
ipf
irritable
isolated
it
james
jew
jewish
jews
jobseeker
joint
journey
junctional
junior
kayleigh
keeping
keltic
kemnay
killed
killing
kingdom
kintore
knowthescore
la
ladies
laleche
land
languages
lap
laptops
lasting
laurencekirk
lawsuit
leaflets
leaks
leased
leche
lectures
ledderhose
legs
lesire
letting
leukemia
lhanbryde
library
ligaments
lightbox
lighting
line
lists
literacies
live
livin
lobbies
logans
longterm
look
lost
loved
lowcost
lysosomal
macduff
machine
magazines
maggie
mail
mails
maintain
maintaining
malpractice
manipulation
marfan
marriages
marrow
mass
mastectomy
mastrick
materials
maternity
mckenzie
media
medication
meditation
meds
meetingsphilanthropy
memory
meningococcal
menopausal
menopause
mens
menstrual
messages
metabolic
metakey
migraine
migraines
milk
minds
mini
minor
minorities
minority
misbehaving
miscarriages
misusers
mnd
mnothers
mobilitylearning
mobilityphysical
molar
monority
monthly
mood
mortgages
motorbike
motorcycle
motoring
motorists
msps
mucopolysaccharides
muculoskeletal
muscle
musculo
musical
muslim
mutiple
nappies
narcotics
narrowing
national
nationality
nausea
negligence
neighbourhood
neighbours
nerve
neurofibramatosis
newmachar
newtonhill
no
not
note
notetaking
nwr
oaks
oap
obesessions
oesophagus
offence
offences
offender
oldmachar
oldmeldrum
on
one
online
oot
op
opas
opportunites
optical
orders
organ
orthodontic
orthodontist
orthodontists
orthopaedics
orthotics
osteogenesis
outdoor
outings
outside
ovarian
owners
oxygen
pa
pads
painkillers
paintings
palm
panels
papers
paramedics
parcels
parliamentary
partial
partner
partnership
pass
passengers
payday
payment
pc
performance
performing
persistent
peterculter
pgp
phantom
pharmacist
philanthropists
phonecalls
pilates
pitsligo
placebo
plastic
pms
pmt
policeman
policemen
political
ponies
pony
pool
portknockie
portsoy
postal
posters
posting
postnatal
pouch
power
powis
pr
practice
practitioners
prayer
pregnancies
prescription
preventative
printability
procedures
proerties
professional
profit
profound
project
promotes
property
props
prostatic
prostatitis
prostitutes
prostitution
proxy
psa
pst
psychiatric
psychiatrists
psychologist
psychologists
psychology
punters
quarantine
quit
quitting
racially
racism
radar
rainbows
rasane
razor
realtionships
reconnect
recycle
recycleability
red
referral
refunds
regulation
regulator
relationship
relaxation
removal
reporting
representations
represents
resource
rest
reuse
reviewed
reyes
rheumatoid
ride
rink
risk
rnib
robert
roll
rolls
room
rooms
rowing
roxburgh
roxburghe
rural
safe
sailing
sailor
sainsburys
saint
sales
sas
save
savings
scared
scarring
schedules
scheme
scouting
scswis
sdgp
sds
search
seeker
selfharm
selling
send
sensitive
sepa
separating
separations
septicaemia
set
sewage
sex
sexed
sharing
shelters
shortness
sickness
sidecar
simplex
site
skeletal
skene
skiing
skilled
skin
sleep
smoker
smokers
snowboard
sold
soldier
solicitors
somerfield
sorbie
specific
speed
spina
spinabifida
spinie
spoken
spousal
spouses
st
stage
starvation
stds
still
stimulants
stisinfections
stoma
stomach
stop
stopping
storage
strichen
student
studies
study
substabce
substitution
sue
sugar
suing
summer
summerhill
sundays
supply
supportsociety
sustainability
synagogue
systems
tai
taken
taking
tamiflu
tarland
tarves
taxi
taylor
tcv
telecare
telephone
temporarily
tenant
tenants
tendons
tension
testes
testicles
theartre
theater
therapist
therapists
therapystutterstammering
timetables
tiredness
toddlers
toilet
toothachehomeless
toothpaste
tops
tourism
tourist
townhalls
toxaemia
tract
trade
traffic
transfusion
translating
translation
translator
transplants
transportation
travelcards
traveling
treament
treamtment
tribunals
tricycle
trike
tuberous
tuition
tumor
tv
udny
ugi
unattentive
uni
uniforms
union
united
unpaid
unseen
upkeep
upset
urgent
urological
use
uterine
uti
utility
valves
vans
vehicle
venue
veteran
victim
video
villages
vision
visua
vocational
voters
votes
vsa
waiting
walkingsocial
warm
warmth
warning
washing
web
website
wellness
whisky
widow
widowed
widower
widowers
willow
windowed
winter
with
witnessed
womans
womens
woodend
worhip
works
world
worrie
writing
ypd
